=== @cesaralvarezll (range 1-500) ===
    -> 500 metadata items (0 guest-token warnings)
=== @filippkowalski (range 1-250) ===
    -> 250 metadata items (0 guest-token warnings)
=== @yasirmohiuddin (range 1-250) ===
    -> 3 metadata items (0 guest-token warnings)
=== @YoniSmolyar (range 1-250) ===
    -> 250 metadata items (0 guest-token warnings)
=== @ZachYadegari (range 1-250) ===
    -> 0 metadata items (0 guest-token warnings)
=== @athcanft (range 1-250) ===
    -> 3 metadata items (0 guest-token warnings)
=== @alexcooldev (range 1-250) ===
    -> 250 metadata items (0 guest-token warnings)
=== @jaxxdwyer (range 1-120) ===
    -> 120 metadata items (0 guest-token warnings)
=== @LukasPakter (range 1-120) ===
    -> 9 metadata items (0 guest-token warnings)
=== @adriamatz (range 1-120) ===
    -> 120 metadata items (0 guest-token warnings)
=== sweep done ===
